// Jest Snapshot v1, https://goo.gl/fbAQLP

exports[`App snapshot renders 1`] = `
<div
  className="container"
>
  <br />
  <div
    className="jumbotron"
  >
    <h1>
      The Proto Company
    </h1>
    <p>
      This is a simple hero unit, a simple jumbotron-style component for calling extra attention to featured content or information.
    </p>
    <p>
      <button
        className="btn btn-primary"
        disabled={false}
        type="button"
      >
        Learn More
      </button>
    </p>
  </div>
  <div
    className="container"
  >
    <div
      className="row"
    >
      <div
        className="col"
        s={2}
      >
         
      </div>
      <div
        className="col-12"
        s={8}
      >
         
      </div>
      <div
        className="col"
        s={2}
      >
         
      </div>
    </div>
    <div
      className="row"
    >
      <div
        className="col"
        s={2}
      >
         
      </div>
      <div
        className="col-12"
        s={6}
      >
        <div
          className="carousel slide"
          onKeyDown={[Function]}
          onMouseOut={[Function]}
          onMouseOver={[Function]}
          onTouchEnd={[Function]}
          onTouchMove={[Function]}
          onTouchStart={[Function]}
        >
          <ol
            className="carousel-indicators"
          >
            <li
              className="active"
              onClick={[Function]}
            />
            <li
              onClick={[Function]}
            />
            <li
              onClick={[Function]}
            />
            <li
              onClick={[Function]}
            />
            <li
              onClick={[Function]}
            />
          </ol>
          <div
            className="carousel-inner"
          >
            <div
              className="active carousel-item"
            >
              <img
                src="https://www.logistec.com/wp-content/uploads/2017/12/placeholder.png"
              />
            </div>
            <div
              className="carousel-item"
            >
              <img
                src="https://www.logistec.com/wp-content/uploads/2017/12/placeholder.png"
              />
            </div>
            <div
              className="carousel-item"
            >
              <img
                src="https://www.logistec.com/wp-content/uploads/2017/12/placeholder.png"
              />
            </div>
            <div
              className="carousel-item"
            >
              <img
                src="https://www.logistec.com/wp-content/uploads/2017/12/placeholder.png"
              />
            </div>
            <div
              className="carousel-item"
            >
              <img
                src="https://www.logistec.com/wp-content/uploads/2017/12/placeholder.png"
              />
            </div>
          </div>
          <a
            className="carousel-control-prev"
            href="#"
            onClick={[Function]}
            onKeyDown={[Function]}
            role="button"
          >
            <span
              aria-hidden="true"
              className="carousel-control-prev-icon"
            />
            <span
              className="sr-only"
            >
              Previous
            </span>
          </a>
          <a
            className="carousel-control-next"
            href="#"
            onClick={[Function]}
            onKeyDown={[Function]}
            role="button"
          >
            <span
              aria-hidden="true"
              className="carousel-control-next-icon"
            />
            <span
              className="sr-only"
            >
              Next
            </span>
          </a>
        </div>
      </div>
      <div
        className="col-12"
        s={4}
      >
        Product Details Here :D
      </div>
      <div
        className="col"
        s={2}
      >
         
      </div>
    </div>
  </div>
</div>
`;
